exports[`cypress retries > toMatchSnapshot > retries after snapshot #0`] =
{
  "foo": true
};

exports[`cypress retries > toMatchSnapshot > retries before snapshot #0`] =
{
  "foo": true
};

exports[`cypress retries > toMatchSnapshot > retries between snapshots #0`] =
{
  "foo": true
};

exports[`cypress retries > toMatchSnapshot > retries between snapshots #1`] =
{
  "foo": true
};
